Archive member included to satisfy reference by file (symbol)

e:/st/stm32cubeide_1.12.1/stm32cubeide/plugins/com.st.stm32cube.ide.mcu.externaltools.gnu-tools-for-stm32.10.3-2021.10.win32_1.0.200.202301161003/tools/bin/../lib/gcc/arm-none-eabi/10.3.1/../../../../arm-none-eabi/lib/thumb/v7e-m/nofp\libc_nano.a(lib_a-errno.o)
                              ./Src/syscalls.o (__errno)
e:/st/stm32cubeide_1.12.1/stm32cubeide/plugins/com.st.stm32cube.ide.mcu.externaltools.gnu-tools-for-stm32.10.3-2021.10.win32_1.0.200.202301161003/tools/bin/../lib/gcc/arm-none-eabi/10.3.1/../../../../arm-none-eabi/lib/thumb/v7e-m/nofp\libc_nano.a(lib_a-exit.o)
                              e:/st/stm32cubeide_1.12.1/stm32cubeide/plugins/com.st.stm32cube.ide.mcu.externaltools.gnu-tools-for-stm32.10.3-2021.10.win32_1.0.200.202301161003/tools/bin/../lib/gcc/arm-none-eabi/10.3.1/../../../../arm-none-eabi/lib/thumb/v7e-m/nofp/crt0.o (exit)
e:/st/stm32cubeide_1.12.1/stm32cubeide/plugins/com.st.stm32cube.ide.mcu.externaltools.gnu-tools-for-stm32.10.3-2021.10.win32_1.0.200.202301161003/tools/bin/../lib/gcc/arm-none-eabi/10.3.1/../../../../arm-none-eabi/lib/thumb/v7e-m/nofp\libc_nano.a(lib_a-impure.o)
                              e:/st/stm32cubeide_1.12.1/stm32cubeide/plugins/com.st.stm32cube.ide.mcu.externaltools.gnu-tools-for-stm32.10.3-2021.10.win32_1.0.200.202301161003/tools/bin/../lib/gcc/arm-none-eabi/10.3.1/../../../../arm-none-eabi/lib/thumb/v7e-m/nofp\libc_nano.a(lib_a-exit.o) (_global_impure_ptr)
e:/st/stm32cubeide_1.12.1/stm32cubeide/plugins/com.st.stm32cube.ide.mcu.externaltools.gnu-tools-for-stm32.10.3-2021.10.win32_1.0.200.202301161003/tools/bin/../lib/gcc/arm-none-eabi/10.3.1/../../../../arm-none-eabi/lib/thumb/v7e-m/nofp\libc_nano.a(lib_a-init.o)
                              e:/st/stm32cubeide_1.12.1/stm32cubeide/plugins/com.st.stm32cube.ide.mcu.externaltools.gnu-tools-for-stm32.10.3-2021.10.win32_1.0.200.202301161003/tools/bin/../lib/gcc/arm-none-eabi/10.3.1/../../../../arm-none-eabi/lib/thumb/v7e-m/nofp/crt0.o (__libc_init_array)
e:/st/stm32cubeide_1.12.1/stm32cubeide/plugins/com.st.stm32cube.ide.mcu.externaltools.gnu-tools-for-stm32.10.3-2021.10.win32_1.0.200.202301161003/tools/bin/../lib/gcc/arm-none-eabi/10.3.1/../../../../arm-none-eabi/lib/thumb/v7e-m/nofp\libc_nano.a(lib_a-memset.o)
                              e:/st/stm32cubeide_1.12.1/stm32cubeide/plugins/com.st.stm32cube.ide.mcu.externaltools.gnu-tools-for-stm32.10.3-2021.10.win32_1.0.200.202301161003/tools/bin/../lib/gcc/arm-none-eabi/10.3.1/../../../../arm-none-eabi/lib/thumb/v7e-m/nofp/crt0.o (memset)

Discarded input sections

 .text          0x0000000000000000        0x0 e:/st/stm32cubeide_1.12.1/stm32cubeide/plugins/com.st.stm32cube.ide.mcu.externaltools.gnu-tools-for-stm32.10.3-2021.10.win32_1.0.200.202301161003/tools/bin/../lib/gcc/arm-none-eabi/10.3.1/thumb/v7e-m/nofp/crti.o
 .data          0x0000000000000000        0x0 e:/st/stm32cubeide_1.12.1/stm32cubeide/plugins/com.st.stm32cube.ide.mcu.externaltools.gnu-tools-for-stm32.10.3-2021.10.win32_1.0.200.202301161003/tools/bin/../lib/gcc/arm-none-eabi/10.3.1/thumb/v7e-m/nofp/crti.o
 .bss           0x0000000000000000        0x0 e:/st/stm32cubeide_1.12.1/stm32cubeide/plugins/com.st.stm32cube.ide.mcu.externaltools.gnu-tools-for-stm32.10.3-2021.10.win32_1.0.200.202301161003/tools/bin/../lib/gcc/arm-none-eabi/10.3.1/thumb/v7e-m/nofp/crti.o
 .data          0x0000000000000000        0x4 e:/st/stm32cubeide_1.12.1/stm32cubeide/plugins/com.st.stm32cube.ide.mcu.externaltools.gnu-tools-for-stm32.10.3-2021.10.win32_1.0.200.202301161003/tools/bin/../lib/gcc/arm-none-eabi/10.3.1/thumb/v7e-m/nofp/crtbegin.o
 .rodata        0x0000000000000000       0x24 e:/st/stm32cubeide_1.12.1/stm32cubeide/plugins/com.st.stm32cube.ide.mcu.externaltools.gnu-tools-for-stm32.10.3-2021.10.win32_1.0.200.202301161003/tools/bin/../lib/gcc/arm-none-eabi/10.3.1/thumb/v7e-m/nofp/crtbegin.o
 .text          0x0000000000000000       0x7c e:/st/stm32cubeide_1.12.1/stm32cubeide/plugins/com.st.stm32cube.ide.mcu.externaltools.gnu-tools-for-stm32.10.3-2021.10.win32_1.0.200.202301161003/tools/bin/../lib/gcc/arm-none-eabi/10.3.1/../../../../arm-none-eabi/lib/thumb/v7e-m/nofp/crt0.o
 .data          0x0000000000000000        0x0 e:/st/stm32cubeide_1.12.1/stm32cubeide/plugins/com.st.stm32cube.ide.mcu.externaltools.gnu-tools-for-stm32.10.3-2021.10.win32_1.0.200.202301161003/tools/bin/../lib/gcc/arm-none-eabi/10.3.1/../../../../arm-none-eabi/lib/thumb/v7e-m/nofp/crt0.o
 .bss           0x0000000000000000        0x0 e:/st/stm32cubeide_1.12.1/stm32cubeide/plugins/com.st.stm32cube.ide.mcu.externaltools.gnu-tools-for-stm32.10.3-2021.10.win32_1.0.200.202301161003/tools/bin/../lib/gcc/arm-none-eabi/10.3.1/../../../../arm-none-eabi/lib/thumb/v7e-m/nofp/crt0.o
 .ARM.extab     0x0000000000000000        0x0 e:/st/stm32cubeide_1.12.1/stm32cubeide/plugins/com.st.stm32cube.ide.mcu.externaltools.gnu-tools-for-stm32.10.3-2021.10.win32_1.0.200.202301161003/tools/bin/../lib/gcc/arm-none-eabi/10.3.1/../../../../arm-none-eabi/lib/thumb/v7e-m/nofp/crt0.o
 .ARM.exidx     0x0000000000000000       0x10 e:/st/stm32cubeide_1.12.1/stm32cubeide/plugins/com.st.stm32cube.ide.mcu.externaltools.gnu-tools-for-stm32.10.3-2021.10.win32_1.0.200.202301161003/tools/bin/../lib/gcc/arm-none-eabi/10.3.1/../../../../arm-none-eabi/lib/thumb/v7e-m/nofp/crt0.o
 .ARM.attributes
                0x0000000000000000       0x1c e:/st/stm32cubeide_1.12.1/stm32cubeide/plugins/com.st.stm32cube.ide.mcu.externaltools.gnu-tools-for-stm32.10.3-2021.10.win32_1.0.200.202301161003/tools/bin/../lib/gcc/arm-none-eabi/10.3.1/../../../../arm-none-eabi/lib/thumb/v7e-m/nofp/crt0.o
 .group         0x0000000000000000        0xc ./Src/syscalls.o
 .group         0x0000000000000000        0xc ./Src/syscalls.o
 .group         0x0000000000000000        0xc ./Src/syscalls.o
 .group         0x0000000000000000        0xc ./Src/syscalls.o
 .group         0x0000000000000000        0xc ./Src/syscalls.o
 .group         0x0000000000000000        0xc ./Src/syscalls.o
 .group         0x0000000000000000        0xc ./Src/syscalls.o
 .group         0x0000000000000000        0xc ./Src/syscalls.o
 .group         0x0000000000000000        0xc ./Src/syscalls.o
 .group         0x0000000000000000        0xc ./Src/syscalls.o
 .group         0x0000000000000000        0xc ./Src/syscalls.o
 .group         0x0000000000000000        0xc ./Src/syscalls.o
 .group         0x0000000000000000        0xc ./Src/syscalls.o
 .group         0x0000000000000000        0xc ./Src/syscalls.o
 .group         0x0000000000000000        0xc ./Src/syscalls.o
 .group         0x0000000000000000        0xc ./Src/syscalls.o
 .group         0x0000000000000000        0xc ./Src/syscalls.o
 .group         0x0000000000000000        0xc ./Src/syscalls.o
 .group         0x0000000000000000        0xc ./Src/syscalls.o
 .group         0x0000000000000000        0xc ./Src/syscalls.o
 .group         0x0000000000000000        0xc ./Src/syscalls.o
 .group         0x0000000000000000        0xc ./Src/syscalls.o
 .group         0x0000000000000000        0xc ./Src/syscalls.o
 .group         0x0000000000000000        0xc ./Src/syscalls.o
 .group         0x0000000000000000        0xc ./Src/syscalls.o
 .group         0x0000000000000000        0xc ./Src/syscalls.o
 .group         0x0000000000000000        0xc ./Src/syscalls.o
 .group         0x0000000000000000        0xc ./Src/syscalls.o
 .group         0x0000000000000000        0xc ./Src/syscalls.o
 .group         0x0000000000000000        0xc ./Src/syscalls.o
 .group         0x0000000000000000        0xc ./Src/syscalls.o
 .group         0x0000000000000000        0xc ./Src/syscalls.o
 .group         0x0000000000000000        0xc ./Src/syscalls.o
 .group         0x0000000000000000        0xc ./Src/syscalls.o
 .group         0x0000000000000000        0xc ./Src/syscalls.o
 .group         0x0000000000000000        0xc ./Src/syscalls.o
 .group         0x0000000000000000        0xc ./Src/syscalls.o
 .group         0x0000000000000000        0xc ./Src/syscalls.o
 .group         0x0000000000000000        0xc ./Src/syscalls.o
 .group         0x0000000000000000        0xc ./Src/syscalls.o
 .group         0x0000000000000000        0xc ./Src/syscalls.o
 .group         0x0000000000000000        0xc ./Src/syscalls.o
 .group         0x0000000000000000        0xc ./Src/syscalls.o
 .group         0x0000000000000000        0xc ./Src/syscalls.o
 .group         0x0000000000000000        0xc ./Src/syscalls.o
 .group         0x0000000000000000        0xc ./Src/syscalls.o
 .group         0x0000000000000000        0xc ./Src/syscalls.o
 .text          0x0000000000000000        0x0 ./Src/syscalls.o
 .data          0x0000000000000000        0x0 ./Src/syscalls.o
 .bss           0x0000000000000000        0x0 ./Src/syscalls.o
 .bss.__env     0x0000000000000000        0x4 ./Src/syscalls.o
 .data.environ  0x0000000000000000        0x4 ./Src/syscalls.o
 .text.initialise_monitor_handles
                0x0000000000000000        0xc ./Src/syscalls.o
 .text._getpid  0x0000000000000000        0xe ./Src/syscalls.o
 .text._kill    0x0000000000000000       0x20 ./Src/syscalls.o
 .text._exit    0x0000000000000000       0x14 ./Src/syscalls.o
 .text._read    0x0000000000000000       0x2c ./Src/syscalls.o
 .text._write   0x0000000000000000       0x38 ./Src/syscalls.o
 .text._close   0x0000000000000000       0x16 ./Src/syscalls.o
 .text._fstat   0x0000000000000000       0x1e ./Src/syscalls.o
 .text._isatty  0x0000000000000000       0x14 ./Src/syscalls.o
 .text._lseek   0x0000000000000000       0x18 ./Src/syscalls.o
 .text._open    0x0000000000000000       0x1a ./Src/syscalls.o
 .text._wait    0x0000000000000000       0x1e ./Src/syscalls.o
 .text._unlink  0x0000000000000000       0x1e ./Src/syscalls.o
 .text._times   0x0000000000000000       0x16 ./Src/syscalls.o
 .text._stat    0x0000000000000000       0x1e ./Src/syscalls.o
 .text._link    0x0000000000000000       0x20 ./Src/syscalls.o
 .text._fork    0x0000000000000000       0x16 ./Src/syscalls.o
 .text._execve  0x0000000000000000       0x22 ./Src/syscalls.o
 .debug_info    0x0000000000000000      0x6d4 ./Src/syscalls.o
 .debug_abbrev  0x0000000000000000      0x1b3 ./Src/syscalls.o
 .debug_aranges
                0x0000000000000000       0xa8 ./Src/syscalls.o
 .debug_ranges  0x0000000000000000       0x98 ./Src/syscalls.o
 .debug_macro   0x0000000000000000      0x24c ./Src/syscalls.o
 .debug_macro   0x0000000000000000      0xa72 ./Src/syscalls.o
 .debug_macro   0x0000000000000000       0x22 ./Src/syscalls.o
 .debug_macro   0x0000000000000000       0x4c ./Src/syscalls.o
 .debug_macro   0x0000000000000000       0x18 ./Src/syscalls.o
 .debug_macro   0x0000000000000000       0x94 ./Src/syscalls.o
 .debug_macro   0x0000000000000000       0x3c ./Src/syscalls.o
 .debug_macro   0x0000000000000000       0x34 ./Src/syscalls.o
 .debug_macro   0x0000000000000000       0x57 ./Src/syscalls.o
 .debug_macro   0x0000000000000000      0x174 ./Src/syscalls.o
 .debug_macro   0x0000000000000000      0x341 ./Src/syscalls.o
 .debug_macro   0x0000000000000000       0x16 ./Src/syscalls.o
 .debug_macro   0x0000000000000000       0x43 ./Src/syscalls.o
 .debug_macro   0x0000000000000000       0x34 ./Src/syscalls.o
 .debug_macro   0x0000000000000000       0x10 ./Src/syscalls.o
 .debug_macro   0x0000000000000000       0x58 ./Src/syscalls.o
 .debug_macro   0x0000000000000000       0x71 ./Src/syscalls.o
 .debug_macro   0x0000000000000000       0x1c ./Src/syscalls.o
 .debug_macro   0x0000000000000000      0x12a ./Src/syscalls.o
 .debug_macro   0x0000000000000000       0x10 ./Src/syscalls.o
 .debug_macro   0x0000000000000000       0x35 ./Src/syscalls.o
 .debug_macro   0x0000000000000000       0x10 ./Src/syscalls.o
 .debug_macro   0x0000000000000000       0x10 ./Src/syscalls.o
 .debug_macro   0x0000000000000000       0x10 ./Src/syscalls.o
 .debug_macro   0x0000000000000000       0x6a ./Src/syscalls.o
 .debug_macro   0x0000000000000000       0x1c ./Src/syscalls.o
 .debug_macro   0x0000000000000000       0x52 ./Src/syscalls.o
 .debug_macro   0x0000000000000000       0x22 ./Src/syscalls.o
 .debug_macro   0x0000000000000000       0x10 ./Src/syscalls.o
 .debug_macro   0x0000000000000000       0x52 ./Src/syscalls.o
 .debug_macro   0x0000000000000000       0xd5 ./Src/syscalls.o
 .debug_macro   0x0000000000000000       0x1c ./Src/syscalls.o
 .debug_macro   0x0000000000000000       0x3d ./Src/syscalls.o
 .debug_macro   0x0000000000000000       0x35 ./Src/syscalls.o
 .debug_macro   0x0000000000000000      0x12c ./Src/syscalls.o
 .debug_macro   0x0000000000000000       0x16 ./Src/syscalls.o
 .debug_macro   0x0000000000000000       0x16 ./Src/syscalls.o
 .debug_macro   0x0000000000000000       0x29 ./Src/syscalls.o
 .debug_macro   0x0000000000000000       0x10 ./Src/syscalls.o
 .debug_macro   0x0000000000000000      0x241 ./Src/syscalls.o
 .debug_macro   0x0000000000000000       0x1c ./Src/syscalls.o
 .debug_macro   0x0000000000000000       0x10 ./Src/syscalls.o
 .debug_macro   0x0000000000000000       0x10 ./Src/syscalls.o
 .debug_macro   0x0000000000000000       0x16 ./Src/syscalls.o
 .debug_macro   0x0000000000000000      0x145 ./Src/syscalls.o
 .debug_macro   0x0000000000000000      0x189 ./Src/syscalls.o
 .debug_macro   0x0000000000000000       0x16 ./Src/syscalls.o
 .debug_macro   0x0000000000000000       0xce ./Src/syscalls.o
 .debug_line    0x0000000000000000      0x7e4 ./Src/syscalls.o
 .debug_str     0x0000000000000000     0x8a1c ./Src/syscalls.o
 .comment       0x0000000000000000       0x51 ./Src/syscalls.o
 .debug_frame   0x0000000000000000      0x2b0 ./Src/syscalls.o
 .ARM.attributes
                0x0000000000000000       0x2e ./Src/syscalls.o
 .group         0x0000000000000000        0xc ./Src/sysmem.o
 .group         0x0000000000000000        0xc ./Src/sysmem.o
 .group         0x0000000000000000        0xc ./Src/sysmem.o
 .group         0x0000000000000000        0xc ./Src/sysmem.o
 .group         0x0000000000000000        0xc ./Src/sysmem.o
 .group         0x0000000000000000        0xc ./Src/sysmem.o
 .group         0x0000000000000000        0xc ./Src/sysmem.o
 .group         0x0000000000000000        0xc ./Src/sysmem.o
 .group         0x0000000000000000        0xc ./Src/sysmem.o
 .group         0x0000000000000000        0xc ./Src/sysmem.o
 .group         0x0000000000000000        0xc ./Src/sysmem.o
 .group         0x0000000000000000        0xc ./Src/sysmem.o
 .group         0x0000000000000000        0xc ./Src/sysmem.o
 .group         0x0000000000000000        0xc ./Src/sysmem.o
 .group         0x0000000000000000        0xc ./Src/sysmem.o
 .group         0x0000000000000000        0xc ./Src/sysmem.o
 .group         0x0000000000000000        0xc ./Src/sysmem.o
 .group         0x0000000000000000        0xc ./Src/sysmem.o
 .group         0x0000000000000000        0xc ./Src/sysmem.o
 .group         0x0000000000000000        0xc ./Src/sysmem.o
 .group         0x0000000000000000        0xc ./Src/sysmem.o
 .group         0x0000000000000000        0xc ./Src/sysmem.o
 .text          0x0000000000000000        0x0 ./Src/sysmem.o
 .data          0x0000000000000000        0x0 ./Src/sysmem.o
 .bss           0x0000000000000000        0x0 ./Src/sysmem.o
 .bss.__sbrk_heap_end
                0x0000000000000000        0x4 ./Src/sysmem.o
 .text._sbrk    0x0000000000000000       0x6c ./Src/sysmem.o
 .debug_info    0x0000000000000000      0x171 ./Src/sysmem.o
 .debug_abbrev  0x0000000000000000       0xbb ./Src/sysmem.o
 .debug_aranges
                0x0000000000000000       0x20 ./Src/sysmem.o
 .debug_ranges  0x0000000000000000       0x10 ./Src/sysmem.o
 .debug_macro   0x0000000000000000       0xff ./Src/sysmem.o
 .debug_macro   0x0000000000000000      0xa72 ./Src/sysmem.o
 .debug_macro   0x0000000000000000       0x10 ./Src/sysmem.o
 .debug_macro   0x0000000000000000       0x22 ./Src/sysmem.o
 .debug_macro   0x0000000000000000       0x4c ./Src/sysmem.o
 .debug_macro   0x0000000000000000       0x18 ./Src/sysmem.o
 .debug_macro   0x0000000000000000       0x94 ./Src/sysmem.o
 .debug_macro   0x0000000000000000       0x3c ./Src/sysmem.o
 .debug_macro   0x0000000000000000       0x34 ./Src/sysmem.o
 .debug_macro   0x0000000000000000      0x174 ./Src/sysmem.o
 .debug_macro   0x0000000000000000       0x16 ./Src/sysmem.o
 .debug_macro   0x0000000000000000       0x43 ./Src/sysmem.o
 .debug_macro   0x0000000000000000       0x57 ./Src/sysmem.o
 .debug_macro   0x0000000000000000       0x34 ./Src/sysmem.o
 .debug_macro   0x0000000000000000       0x10 ./Src/sysmem.o
 .debug_macro   0x0000000000000000       0x58 ./Src/sysmem.o
 .debug_macro   0x0000000000000000       0x71 ./Src/sysmem.o
 .debug_macro   0x0000000000000000       0x1c ./Src/sysmem.o
 .debug_macro   0x0000000000000000      0x12a ./Src/sysmem.o
 .debug_macro   0x0000000000000000      0x23b ./Src/sysmem.o
 .debug_macro   0x0000000000000000      0x103 ./Src/sysmem.o
 .debug_macro   0x0000000000000000       0x6a ./Src/sysmem.o
 .debug_macro   0x0000000000000000      0x1df ./Src/sysmem.o
 .debug_line    0x0000000000000000      0x4ef ./Src/sysmem.o
 .debug_str     0x0000000000000000     0x5d65 ./Src/sysmem.o
 .comment       0x0000000000000000       0x51 ./Src/sysmem.o
 .debug_frame   0x0000000000000000       0x34 ./Src/sysmem.o
 .ARM.attributes
                0x0000000000000000       0x2e ./Src/sysmem.o
 .group         0x0000000000000000        0xc ./Src/weight_master_spi.o
 .group         0x0000000000000000        0xc ./Src/weight_master_spi.o
 .group         0x0000000000000000        0xc ./Src/weight_master_spi.o
 .group         0x0000000000000000        0xc ./Src/weight_master_spi.o
 .group         0x0000000000000000        0xc ./Src/weight_master_spi.o
 .group         0x0000000000000000        0xc ./Src/weight_master_spi.o
 .group         0x0000000000000000        0xc ./Src/weight_master_spi.o
 .group         0x0000000000000000        0xc ./Src/weight_master_spi.o
 .group         0x0000000000000000        0xc ./Src/weight_master_spi.o
 .group         0x0000000000000000        0xc ./Src/weight_master_spi.o
 .group         0x0000000000000000        0xc ./Src/weight_master_spi.o
 .group         0x0000000000000000        0xc ./Src/weight_master_spi.o
 .group         0x0000000000000000        0xc ./Src/weight_master_spi.o
 .group         0x0000000000000000        0xc ./Src/weight_master_spi.o
 .group         0x0000000000000000        0xc ./Src/weight_master_spi.o
 .group         0x0000000000000000        0xc ./Src/weight_master_spi.o
 .group         0x0000000000000000        0xc ./Src/weight_master_spi.o
 .group         0x0000000000000000        0xc ./Src/weight_master_spi.o
 .group         0x0000000000000000        0xc ./Src/weight_master_spi.o
 .group         0x0000000000000000        0xc ./Src/weight_master_spi.o
 .group         0x0000000000000000        0xc ./Src/weight_master_spi.o
 .group         0x0000000000000000        0xc ./Src/weight_master_spi.o
 .group         0x0000000000000000        0xc ./Src/weight_master_spi.o
 .group         0x0000000000000000        0xc ./Src/weight_master_spi.o
 .group         0x0000000000000000        0xc ./Src/weight_master_spi.o
 .group         0x0000000000000000        0xc ./Src/weight_master_spi.o
 .group         0x0000000000000000        0xc ./Src/weight_master_spi.o
 .group         0x0000000000000000        0xc ./Src/weight_master_spi.o
 .group         0x0000000000000000        0xc ./Src/weight_master_spi.o
 .group         0x0000000000000000        0xc ./Src/weight_master_spi.o
 .group         0x0000000000000000        0xc ./Src/weight_master_spi.o
 .group         0x0000000000000000        0xc ./Src/weight_master_spi.o
 .group         0x0000000000000000        0xc ./Src/weight_master_spi.o
 .group         0x0000000000000000        0xc ./Src/weight_master_spi.o
 .group         0x0000000000000000        0xc ./Src/weight_master_spi.o
 .group         0x0000000000000000        0xc ./Src/weight_master_spi.o
 .group         0x0000000000000000        0xc ./Src/weight_master_spi.o
 .text          0x0000000000000000        0x0 ./Src/weight_master_spi.o
 .data          0x0000000000000000        0x0 ./Src/weight_master_spi.o
 .bss           0x0000000000000000        0x0 ./Src/weight_master_spi.o
 .bss.stopcmd   0x0000000000000000        0x1 ./Src/weight_master_spi.o
 .debug_macro   0x0000000000000000      0xa72 ./Src/weight_master_spi.o
 .debug_macro   0x0000000000000000       0x22 ./Src/weight_master_spi.o
 .debug_macro   0x0000000000000000       0x4c ./Src/weight_master_spi.o
 .debug_macro   0x0000000000000000       0x18 ./Src/weight_master_spi.o
 .debug_macro   0x0000000000000000       0x94 ./Src/weight_master_spi.o
 .debug_macro   0x0000000000000000       0x3c ./Src/weight_master_spi.o
 .debug_macro   0x0000000000000000       0x34 ./Src/weight_master_spi.o
 .debug_macro   0x0000000000000000       0x57 ./Src/weight_master_spi.o
 .debug_macro   0x0000000000000000      0x341 ./Src/weight_master_spi.o
 .debug_macro   0x0000000000000000       0x10 ./Src/weight_master_spi.o
 .debug_macro   0x0000000000000000       0x16 ./Src/weight_master_spi.o
 .debug_macro   0x0000000000000000       0x43 ./Src/weight_master_spi.o
 .debug_macro   0x0000000000000000       0x34 ./Src/weight_master_spi.o
 .debug_macro   0x0000000000000000       0x10 ./Src/weight_master_spi.o
 .debug_macro   0x0000000000000000       0x58 ./Src/weight_master_spi.o
 .debug_macro   0x0000000000000000       0x71 ./Src/weight_master_spi.o
 .debug_macro   0x0000000000000000       0x1c ./Src/weight_master_spi.o
 .debug_macro   0x0000000000000000      0x12a ./Src/weight_master_spi.o
 .debug_macro   0x0000000000000000       0x10 ./Src/weight_master_spi.o
 .debug_macro   0x0000000000000000       0x6a ./Src/weight_master_spi.o
 .debug_macro   0x0000000000000000       0x1c ./Src/weight_master_spi.o
 .debug_macro   0x0000000000000000       0x52 ./Src/weight_master_spi.o
 .debug_macro   0x0000000000000000       0x22 ./Src/weight_master_spi.o
 .debug_macro   0x0000000000000000       0x10 ./Src/weight_master_spi.o
 .debug_macro   0x0000000000000000       0x52 ./Src/weight_master_spi.o
 .debug_macro   0x0000000000000000       0xd5 ./Src/weight_master_spi.o
 .debug_macro   0x0000000000000000       0x1c ./Src/weight_master_spi.o
 .debug_macro   0x0000000000000000       0x3d ./Src/weight_master_spi.o
 .debug_macro   0x0000000000000000       0x16 ./Src/weight_master_spi.o
 .debug_macro   0x0000000000000000      0x145 ./Src/weight_master_spi.o
 .debug_macro   0x0000000000000000      0x103 ./Src/weight_master_spi.o
 .debug_macro   0x0000000000000000      0x1df ./Src/weight_master_spi.o
 .text          0x0000000000000000       0x14 ./Startup/startup_stm32f401ccux.o
 .data          0x0000000000000000        0x0 ./Startup/startup_stm32f401ccux.o
 .bss           0x0000000000000000        0x0 ./Startup/startup_stm32f401ccux.o
 .group         0x0000000000000000        0xc ./drivers/Src/stm32f401ccu6_gpio_drivers.o
 .group         0x0000000000000000        0xc ./drivers/Src/stm32f401ccu6_gpio_drivers.o
 .group         0x0000000000000000        0xc ./drivers/Src/stm32f401ccu6_gpio_drivers.o
 .group         0x0000000000000000        0xc ./drivers/Src/stm32f401ccu6_gpio_drivers.o
 .group         0x0000000000000000        0xc ./drivers/Src/stm32f401ccu6_gpio_drivers.o
 .group         0x0000000000000000        0xc ./drivers/Src/stm32f401ccu6_gpio_drivers.o
 .group         0x0000000000000000        0xc ./drivers/Src/stm32f401ccu6_gpio_drivers.o
 .group         0x0000000000000000        0xc ./drivers/Src/stm32f401ccu6_gpio_drivers.o
 .group         0x0000000000000000        0xc ./drivers/Src/stm32f401ccu6_gpio_drivers.o
 .text          0x0000000000000000        0x0 ./drivers/Src/stm32f401ccu6_gpio_drivers.o
 .data          0x0000000000000000        0x0 ./drivers/Src/stm32f401ccu6_gpio_drivers.o
 .bss           0x0000000000000000        0x0 ./drivers/Src/stm32f401ccu6_gpio_drivers.o
 .text.GPIO_DInit
                0x0000000000000000      0x10c ./drivers/Src/stm32f401ccu6_gpio_drivers.o
 .text.GPIO_ReadIPort
                0x0000000000000000       0x1a ./drivers/Src/stm32f401ccu6_gpio_drivers.o
 .text.GPIO_WriteOPort
                0x0000000000000000       0x1c ./drivers/Src/stm32f401ccu6_gpio_drivers.o
 .text.GPIO_ToggleOPin
                0x0000000000000000       0x28 ./drivers/Src/stm32f401ccu6_gpio_drivers.o
 .text.GPIO_ToggleOPort
                0x0000000000000000       0x1c ./drivers/Src/stm32f401ccu6_gpio_drivers.o
 .text.GPIO_IRQIntrptConf
                0x0000000000000000      0x16c ./drivers/Src/stm32f401ccu6_gpio_drivers.o
 .text.GPIO_IRQPriConf
                0x0000000000000000       0x48 ./drivers/Src/stm32f401ccu6_gpio_drivers.o
 .text.GPIO_IRQHndlr
                0x0000000000000000       0x40 ./drivers/Src/stm32f401ccu6_gpio_drivers.o
 .debug_macro   0x0000000000000000      0xa72 ./drivers/Src/stm32f401ccu6_gpio_drivers.o
 .debug_macro   0x0000000000000000       0x22 ./drivers/Src/stm32f401ccu6_gpio_drivers.o
 .debug_macro   0x0000000000000000      0x103 ./drivers/Src/stm32f401ccu6_gpio_drivers.o
 .debug_macro   0x0000000000000000       0x6a ./drivers/Src/stm32f401ccu6_gpio_drivers.o
 .debug_macro   0x0000000000000000      0x1df ./drivers/Src/stm32f401ccu6_gpio_drivers.o
 .debug_macro   0x0000000000000000      0x522 ./drivers/Src/stm32f401ccu6_gpio_drivers.o
 .debug_macro   0x0000000000000000      0x148 ./drivers/Src/stm32f401ccu6_gpio_drivers.o
 .group         0x0000000000000000        0xc ./drivers/Src/stm32f401ccu6_spi_drivers.o
 .group         0x0000000000000000        0xc ./drivers/Src/stm32f401ccu6_spi_drivers.o
 .group         0x0000000000000000        0xc ./drivers/Src/stm32f401ccu6_spi_drivers.o
 .group         0x0000000000000000        0xc ./drivers/Src/stm32f401ccu6_spi_drivers.o
 .group         0x0000000000000000        0xc ./drivers/Src/stm32f401ccu6_spi_drivers.o
 .group         0x0000000000000000        0xc ./drivers/Src/stm32f401ccu6_spi_drivers.o
 .group         0x0000000000000000        0xc ./drivers/Src/stm32f401ccu6_spi_drivers.o
 .group         0x0000000000000000        0xc ./drivers/Src/stm32f401ccu6_spi_drivers.o
 .group         0x0000000000000000        0xc ./drivers/Src/stm32f401ccu6_spi_drivers.o
 .text          0x0000000000000000        0x0 ./drivers/Src/stm32f401ccu6_spi_drivers.o
 .data          0x0000000000000000        0x0 ./drivers/Src/stm32f401ccu6_spi_drivers.o
 .bss           0x0000000000000000        0x0 ./drivers/Src/stm32f401ccu6_spi_drivers.o
 .text.SPI_DInit
                0x0000000000000000       0x80 ./drivers/Src/stm32f401ccu6_spi_drivers.o
 .debug_macro   0x0000000000000000      0xa72 ./drivers/Src/stm32f401ccu6_spi_drivers.o
 .debug_macro   0x0000000000000000       0x22 ./drivers/Src/stm32f401ccu6_spi_drivers.o
 .debug_macro   0x0000000000000000       0x8e ./drivers/Src/stm32f401ccu6_spi_drivers.o
 .debug_macro   0x0000000000000000       0x51 ./drivers/Src/stm32f401ccu6_spi_drivers.o
 .debug_macro   0x0000000000000000      0x103 ./drivers/Src/stm32f401ccu6_spi_drivers.o
 .debug_macro   0x0000000000000000       0x6a ./drivers/Src/stm32f401ccu6_spi_drivers.o
 .debug_macro   0x0000000000000000      0x1df ./drivers/Src/stm32f401ccu6_spi_drivers.o
 .debug_macro   0x0000000000000000      0x522 ./drivers/Src/stm32f401ccu6_spi_drivers.o
 .debug_macro   0x0000000000000000      0x148 ./drivers/Src/stm32f401ccu6_spi_drivers.o
 .group         0x0000000000000000        0xc ./drivers/Src/stm32f401ccu6_uart_drivers.o
 .group         0x0000000000000000        0xc ./drivers/Src/stm32f401ccu6_uart_drivers.o
 .group         0x0000000000000000        0xc ./drivers/Src/stm32f401ccu6_uart_drivers.o
 .group         0x0000000000000000        0xc ./drivers/Src/stm32f401ccu6_uart_drivers.o
 .group         0x0000000000000000        0xc ./drivers/Src/stm32f401ccu6_uart_drivers.o
 .group         0x0000000000000000        0xc ./drivers/Src/stm32f401ccu6_uart_drivers.o
 .group         0x0000000000000000        0xc ./drivers/Src/stm32f401ccu6_uart_drivers.o
 .group         0x0000000000000000        0xc ./drivers/Src/stm32f401ccu6_uart_drivers.o
 .group         0x0000000000000000        0xc ./drivers/Src/stm32f401ccu6_uart_drivers.o
 .group         0x0000000000000000        0xc ./drivers/Src/stm32f401ccu6_uart_drivers.o
 .text          0x0000000000000000        0x0 ./drivers/Src/stm32f401ccu6_uart_drivers.o
 .data          0x0000000000000000        0x0 ./drivers/Src/stm32f401ccu6_uart_drivers.o
 .bss           0x0000000000000000        0x0 ./drivers/Src/stm32f401ccu6_uart_drivers.o
 .text.UART_Peri_ClkCtrl
                0x0000000000000000       0x6c ./drivers/Src/stm32f401ccu6_uart_drivers.o
 .text.UART_Init
                0x0000000000000000      0x122 ./drivers/Src/stm32f401ccu6_uart_drivers.o
 .text.UART_DInit
                0x0000000000000000       0x64 ./drivers/Src/stm32f401ccu6_uart_drivers.o
 .text.UART_PinInit
                0x0000000000000000       0x3e ./drivers/Src/stm32f401ccu6_uart_drivers.o
 .text.UART_GetFlgStat
                0x0000000000000000       0x2c ./drivers/Src/stm32f401ccu6_uart_drivers.o
 .text.UART_ClrFlag
                0x0000000000000000       0x88 ./drivers/Src/stm32f401ccu6_uart_drivers.o
 .text.UART_DataSend
                0x0000000000000000       0xb6 ./drivers/Src/stm32f401ccu6_uart_drivers.o
 .text.UART_DataReceive
                0x0000000000000000       0xb2 ./drivers/Src/stm32f401ccu6_uart_drivers.o
 .text.UART_SetBaudRate
                0x0000000000000000       0xe4 ./drivers/Src/stm32f401ccu6_uart_drivers.o
 .debug_info    0x0000000000000000      0x811 ./drivers/Src/stm32f401ccu6_uart_drivers.o
 .debug_abbrev  0x0000000000000000      0x201 ./drivers/Src/stm32f401ccu6_uart_drivers.o
 .debug_aranges
                0x0000000000000000       0x60 ./drivers/Src/stm32f401ccu6_uart_drivers.o
 .debug_ranges  0x0000000000000000       0x50 ./drivers/Src/stm32f401ccu6_uart_drivers.o
 .debug_macro   0x0000000000000000       0xb9 ./drivers/Src/stm32f401ccu6_uart_drivers.o
 .debug_macro   0x0000000000000000      0xa72 ./drivers/Src/stm32f401ccu6_uart_drivers.o
 .debug_macro   0x0000000000000000       0x22 ./drivers/Src/stm32f401ccu6_uart_drivers.o
 .debug_macro   0x0000000000000000       0x8e ./drivers/Src/stm32f401ccu6_uart_drivers.o
 .debug_macro   0x0000000000000000       0x51 ./drivers/Src/stm32f401ccu6_uart_drivers.o
 .debug_macro   0x0000000000000000      0x103 ./drivers/Src/stm32f401ccu6_uart_drivers.o
 .debug_macro   0x0000000000000000       0x6a ./drivers/Src/stm32f401ccu6_uart_drivers.o
 .debug_macro   0x0000000000000000      0x1df ./drivers/Src/stm32f401ccu6_uart_drivers.o
 .debug_macro   0x0000000000000000      0x522 ./drivers/Src/stm32f401ccu6_uart_drivers.o
 .debug_macro   0x0000000000000000      0x148 ./drivers/Src/stm32f401ccu6_uart_drivers.o
 .debug_macro   0x0000000000000000      0x1f7 ./drivers/Src/stm32f401ccu6_uart_drivers.o
 .debug_line    0x0000000000000000      0x7ae ./drivers/Src/stm32f401ccu6_uart_drivers.o
 .debug_str     0x0000000000000000     0x6472 ./drivers/Src/stm32f401ccu6_uart_drivers.o
 .comment       0x0000000000000000       0x51 ./drivers/Src/stm32f401ccu6_uart_drivers.o
 .debug_frame   0x0000000000000000      0x16c ./drivers/Src/stm32f401ccu6_uart_drivers.o
 .ARM.attributes
                0x0000000000000000       0x2e ./drivers/Src/stm32f401ccu6_uart_drivers.o
 .text          0x0000000000000000        0x0 e:/st/stm32cubeide_1.12.1/stm32cubeide/plugins/com.st.stm32cube.ide.mcu.externaltools.gnu-tools-for-stm32.10.3-2021.10.win32_1.0.200.202301161003/tools/bin/../lib/gcc/arm-none-eabi/10.3.1/../../../../arm-none-eabi/lib/thumb/v7e-m/nofp\libc_nano.a(lib_a-errno.o)
 .data          0x0000000000000000        0x0 e:/st/stm32cubeide_1.12.1/stm32cubeide/plugins/com.st.stm32cube.ide.mcu.externaltools.gnu-tools-for-stm32.10.3-2021.10.win32_1.0.200.202301161003/tools/bin/../lib/gcc/arm-none-eabi/10.3.1/../../../../arm-none-eabi/lib/thumb/v7e-m/nofp\libc_nano.a(lib_a-errno.o)
 .bss           0x0000000000000000        0x0 e:/st/stm32cubeide_1.12.1/stm32cubeide/plugins/com.st.stm32cube.ide.mcu.externaltools.gnu-tools-for-stm32.10.3-2021.10.win32_1.0.200.202301161003/tools/bin/../lib/gcc/arm-none-eabi/10.3.1/../../../../arm-none-eabi/lib/thumb/v7e-m/nofp\libc_nano.a(lib_a-errno.o)
 .text.__errno  0x0000000000000000        0xc e:/st/stm32cubeide_1.12.1/stm32cubeide/plugins/com.st.stm32cube.ide.mcu.externaltools.gnu-tools-for-stm32.10.3-2021.10.win32_1.0.200.202301161003/tools/bin/../lib/gcc/arm-none-eabi/10.3.1/../../../../arm-none-eabi/lib/thumb/v7e-m/nofp\libc_nano.a(lib_a-errno.o)
 .debug_frame   0x0000000000000000       0x20 e:/st/stm32cubeide_1.12.1/stm32cubeide/plugins/com.st.stm32cube.ide.mcu.externaltools.gnu-tools-for-stm32.10.3-2021.10.win32_1.0.200.202301161003/tools/bin/../lib/gcc/arm-none-eabi/10.3.1/../../../../arm-none-eabi/lib/thumb/v7e-m/nofp\libc_nano.a(lib_a-errno.o)
 .ARM.attributes
                0x0000000000000000       0x2e e:/st/stm32cubeide_1.12.1/stm32cubeide/plugins/com.st.stm32cube.ide.mcu.externaltools.gnu-tools-for-stm32.10.3-2021.10.win32_1.0.200.202301161003/tools/bin/../lib/gcc/arm-none-eabi/10.3.1/../../../../arm-none-eabi/lib/thumb/v7e-m/nofp\libc_nano.a(lib_a-errno.o)
 .text          0x0000000000000000        0x0 e:/st/stm32cubeide_1.12.1/stm32cubeide/plugins/com.st.stm32cube.ide.mcu.externaltools.gnu-tools-for-stm32.10.3-2021.10.win32_1.0.200.202301161003/tools/bin/../lib/gcc/arm-none-eabi/10.3.1/../../../../arm-none-eabi/lib/thumb/v7e-m/nofp\libc_nano.a(lib_a-exit.o)
 .data          0x0000000000000000        0x0 e:/st/stm32cubeide_1.12.1/stm32cubeide/plugins/com.st.stm32cube.ide.mcu.externaltools.gnu-tools-for-stm32.10.3-2021.10.win32_1.0.200.202301161003/tools/bin/../lib/gcc/arm-none-eabi/10.3.1/../../../../arm-none-eabi/lib/thumb/v7e-m/nofp\libc_nano.a(lib_a-exit.o)
 .bss           0x0000000000000000        0x0 e:/st/stm32cubeide_1.12.1/stm32cubeide/plugins/com.st.stm32cube.ide.mcu.externaltools.gnu-tools-for-stm32.10.3-2021.10.win32_1.0.200.202301161003/tools/bin/../lib/gcc/arm-none-eabi/10.3.1/../../../../arm-none-eabi/lib/thumb/v7e-m/nofp\libc_nano.a(lib_a-exit.o)
 .text.exit     0x0000000000000000       0x28 e:/st/stm32cubeide_1.12.1/stm32cubeide/plugins/com.st.stm32cube.ide.mcu.externaltools.gnu-tools-for-stm32.10.3-2021.10.win32_1.0.200.202301161003/tools/bin/../lib/gcc/arm-none-eabi/10.3.1/../../../../arm-none-eabi/lib/thumb/v7e-m/nofp\libc_nano.a(lib_a-exit.o)
 .debug_frame   0x0000000000000000       0x28 e:/st/stm32cubeide_1.12.1/stm32cubeide/plugins/com.st.stm32cube.ide.mcu.externaltools.gnu-tools-for-stm32.10.3-2021.10.win32_1.0.200.202301161003/tools/bin/../lib/gcc/arm-none-eabi/10.3.1/../../../../arm-none-eabi/lib/thumb/v7e-m/nofp\libc_nano.a(lib_a-exit.o)
 .ARM.attributes
                0x0000000000000000       0x2e e:/st/stm32cubeide_1.12.1/stm32cubeide/plugins/com.st.stm32cube.ide.mcu.externaltools.gnu-tools-for-stm32.10.3-2021.10.win32_1.0.200.202301161003/tools/bin/../lib/gcc/arm-none-eabi/10.3.1/../../../../arm-none-eabi/lib/thumb/v7e-m/nofp\libc_nano.a(lib_a-exit.o)
 .text          0x0000000000000000        0x0 e:/st/stm32cubeide_1.12.1/stm32cubeide/plugins/com.st.stm32cube.ide.mcu.externaltools.gnu-tools-for-stm32.10.3-2021.10.win32_1.0.200.202301161003/tools/bin/../lib/gcc/arm-none-eabi/10.3.1/../../../../arm-none-eabi/lib/thumb/v7e-m/nofp\libc_nano.a(lib_a-impure.o)
 .data          0x0000000000000000        0x0 e:/st/stm32cubeide_1.12.1/stm32cubeide/plugins/com.st.stm32cube.ide.mcu.externaltools.gnu-tools-for-stm32.10.3-2021.10.win32_1.0.200.202301161003/tools/bin/../lib/gcc/arm-none-eabi/10.3.1/../../../../arm-none-eabi/lib/thumb/v7e-m/nofp\libc_nano.a(lib_a-impure.o)
 .bss           0x0000000000000000        0x0 e:/st/stm32cubeide_1.12.1/stm32cubeide/plugins/com.st.stm32cube.ide.mcu.externaltools.gnu-tools-for-stm32.10.3-2021.10.win32_1.0.200.202301161003/tools/bin/../lib/gcc/arm-none-eabi/10.3.1/../../../../arm-none-eabi/lib/thumb/v7e-m/nofp\libc_nano.a(lib_a-impure.o)
 .data._impure_ptr
                0x0000000000000000        0x4 e:/st/stm32cubeide_1.12.1/stm32cubeide/plugins/com.st.stm32cube.ide.mcu.externaltools.gnu-tools-for-stm32.10.3-2021.10.win32_1.0.200.202301161003/tools/bin/../lib/gcc/arm-none-eabi/10.3.1/../../../../arm-none-eabi/lib/thumb/v7e-m/nofp\libc_nano.a(lib_a-impure.o)
 .data.impure_data
                0x0000000000000000       0x60 e:/st/stm32cubeide_1.12.1/stm32cubeide/plugins/com.st.stm32cube.ide.mcu.externaltools.gnu-tools-for-stm32.10.3-2021.10.win32_1.0.200.202301161003/tools/bin/../lib/gcc/arm-none-eabi/10.3.1/../../../../arm-none-eabi/lib/thumb/v7e-m/nofp\libc_nano.a(lib_a-impure.o)
 .rodata._global_impure_ptr
                0x0000000000000000        0x4 e:/st/stm32cubeide_1.12.1/stm32cubeide/plugins/com.st.stm32cube.ide.mcu.externaltools.gnu-tools-for-stm32.10.3-2021.10.win32_1.0.200.202301161003/tools/bin/../lib/gcc/arm-none-eabi/10.3.1/../../../../arm-none-eabi/lib/thumb/v7e-m/nofp\libc_nano.a(lib_a-impure.o)
 .ARM.attributes
                0x0000000000000000       0x2e e:/st/stm32cubeide_1.12.1/stm32cubeide/plugins/com.st.stm32cube.ide.mcu.externaltools.gnu-tools-for-stm32.10.3-2021.10.win32_1.0.200.202301161003/tools/bin/../lib/gcc/arm-none-eabi/10.3.1/../../../../arm-none-eabi/lib/thumb/v7e-m/nofp\libc_nano.a(lib_a-impure.o)
 .text          0x0000000000000000        0x0 e:/st/stm32cubeide_1.12.1/stm32cubeide/plugins/com.st.stm32cube.ide.mcu.externaltools.gnu-tools-for-stm32.10.3-2021.10.win32_1.0.200.202301161003/tools/bin/../lib/gcc/arm-none-eabi/10.3.1/../../../../arm-none-eabi/lib/thumb/v7e-m/nofp\libc_nano.a(lib_a-init.o)
 .data          0x0000000000000000        0x0 e:/st/stm32cubeide_1.12.1/stm32cubeide/plugins/com.st.stm32cube.ide.mcu.externaltools.gnu-tools-for-stm32.10.3-2021.10.win32_1.0.200.202301161003/tools/bin/../lib/gcc/arm-none-eabi/10.3.1/../../../../arm-none-eabi/lib/thumb/v7e-m/nofp\libc_nano.a(lib_a-init.o)
 .bss           0x0000000000000000        0x0 e:/st/stm32cubeide_1.12.1/stm32cubeide/plugins/com.st.stm32cube.ide.mcu.externaltools.gnu-tools-for-stm32.10.3-2021.10.win32_1.0.200.202301161003/tools/bin/../lib/gcc/arm-none-eabi/10.3.1/../../../../arm-none-eabi/lib/thumb/v7e-m/nofp\libc_nano.a(lib_a-init.o)
 .text          0x0000000000000000        0x0 e:/st/stm32cubeide_1.12.1/stm32cubeide/plugins/com.st.stm32cube.ide.mcu.externaltools.gnu-tools-for-stm32.10.3-2021.10.win32_1.0.200.202301161003/tools/bin/../lib/gcc/arm-none-eabi/10.3.1/../../../../arm-none-eabi/lib/thumb/v7e-m/nofp\libc_nano.a(lib_a-memset.o)
 .data          0x0000000000000000        0x0 e:/st/stm32cubeide_1.12.1/stm32cubeide/plugins/com.st.stm32cube.ide.mcu.externaltools.gnu-tools-for-stm32.10.3-2021.10.win32_1.0.200.202301161003/tools/bin/../lib/gcc/arm-none-eabi/10.3.1/../../../../arm-none-eabi/lib/thumb/v7e-m/nofp\libc_nano.a(lib_a-memset.o)
 .bss           0x0000000000000000        0x0 e:/st/stm32cubeide_1.12.1/stm32cubeide/plugins/com.st.stm32cube.ide.mcu.externaltools.gnu-tools-for-stm32.10.3-2021.10.win32_1.0.200.202301161003/tools/bin/../lib/gcc/arm-none-eabi/10.3.1/../../../../arm-none-eabi/lib/thumb/v7e-m/nofp\libc_nano.a(lib_a-memset.o)
 .text.memset   0x0000000000000000       0x10 e:/st/stm32cubeide_1.12.1/stm32cubeide/plugins/com.st.stm32cube.ide.mcu.externaltools.gnu-tools-for-stm32.10.3-2021.10.win32_1.0.200.202301161003/tools/bin/../lib/gcc/arm-none-eabi/10.3.1/../../../../arm-none-eabi/lib/thumb/v7e-m/nofp\libc_nano.a(lib_a-memset.o)
 .debug_frame   0x0000000000000000       0x20 e:/st/stm32cubeide_1.12.1/stm32cubeide/plugins/com.st.stm32cube.ide.mcu.externaltools.gnu-tools-for-stm32.10.3-2021.10.win32_1.0.200.202301161003/tools/bin/../lib/gcc/arm-none-eabi/10.3.1/../../../../arm-none-eabi/lib/thumb/v7e-m/nofp\libc_nano.a(lib_a-memset.o)
 .ARM.attributes
                0x0000000000000000       0x2e e:/st/stm32cubeide_1.12.1/stm32cubeide/plugins/com.st.stm32cube.ide.mcu.externaltools.gnu-tools-for-stm32.10.3-2021.10.win32_1.0.200.202301161003/tools/bin/../lib/gcc/arm-none-eabi/10.3.1/../../../../arm-none-eabi/lib/thumb/v7e-m/nofp\libc_nano.a(lib_a-memset.o)
 .text          0x0000000000000000        0x0 e:/st/stm32cubeide_1.12.1/stm32cubeide/plugins/com.st.stm32cube.ide.mcu.externaltools.gnu-tools-for-stm32.10.3-2021.10.win32_1.0.200.202301161003/tools/bin/../lib/gcc/arm-none-eabi/10.3.1/thumb/v7e-m/nofp/crtend.o
 .data          0x0000000000000000        0x0 e:/st/stm32cubeide_1.12.1/stm32cubeide/plugins/com.st.stm32cube.ide.mcu.externaltools.gnu-tools-for-stm32.10.3-2021.10.win32_1.0.200.202301161003/tools/bin/../lib/gcc/arm-none-eabi/10.3.1/thumb/v7e-m/nofp/crtend.o
 .bss           0x0000000000000000        0x0 e:/st/stm32cubeide_1.12.1/stm32cubeide/plugins/com.st.stm32cube.ide.mcu.externaltools.gnu-tools-for-stm32.10.3-2021.10.win32_1.0.200.202301161003/tools/bin/../lib/gcc/arm-none-eabi/10.3.1/thumb/v7e-m/nofp/crtend.o
 .rodata        0x0000000000000000       0x24 e:/st/stm32cubeide_1.12.1/stm32cubeide/plugins/com.st.stm32cube.ide.mcu.externaltools.gnu-tools-for-stm32.10.3-2021.10.win32_1.0.200.202301161003/tools/bin/../lib/gcc/arm-none-eabi/10.3.1/thumb/v7e-m/nofp/crtend.o
 .eh_frame      0x0000000000000000        0x4 e:/st/stm32cubeide_1.12.1/stm32cubeide/plugins/com.st.stm32cube.ide.mcu.externaltools.gnu-tools-for-stm32.10.3-2021.10.win32_1.0.200.202301161003/tools/bin/../lib/gcc/arm-none-eabi/10.3.1/thumb/v7e-m/nofp/crtend.o
 .ARM.attributes
                0x0000000000000000       0x2e e:/st/stm32cubeide_1.12.1/stm32cubeide/plugins/com.st.stm32cube.ide.mcu.externaltools.gnu-tools-for-stm32.10.3-2021.10.win32_1.0.200.202301161003/tools/bin/../lib/gcc/arm-none-eabi/10.3.1/thumb/v7e-m/nofp/crtend.o
 .text          0x0000000000000000        0x0 e:/st/stm32cubeide_1.12.1/stm32cubeide/plugins/com.st.stm32cube.ide.mcu.externaltools.gnu-tools-for-stm32.10.3-2021.10.win32_1.0.200.202301161003/tools/bin/../lib/gcc/arm-none-eabi/10.3.1/thumb/v7e-m/nofp/crtn.o
 .data          0x0000000000000000        0x0 e:/st/stm32cubeide_1.12.1/stm32cubeide/plugins/com.st.stm32cube.ide.mcu.externaltools.gnu-tools-for-stm32.10.3-2021.10.win32_1.0.200.202301161003/tools/bin/../lib/gcc/arm-none-eabi/10.3.1/thumb/v7e-m/nofp/crtn.o
 .bss           0x0000000000000000        0x0 e:/st/stm32cubeide_1.12.1/stm32cubeide/plugins/com.st.stm32cube.ide.mcu.externaltools.gnu-tools-for-stm32.10.3-2021.10.win32_1.0.200.202301161003/tools/bin/../lib/gcc/arm-none-eabi/10.3.1/thumb/v7e-m/nofp/crtn.o

Memory Configuration

Name             Origin             Length             Attributes
RAM              0x0000000020000000 0x0000000000010000 xrw
FLASH            0x0000000008000000 0x0000000000040000 xr
*default*        0x0000000000000000 0xffffffffffffffff

Linker script and memory map

LOAD e:/st/stm32cubeide_1.12.1/stm32cubeide/plugins/com.st.stm32cube.ide.mcu.externaltools.gnu-tools-for-stm32.10.3-2021.10.win32_1.0.200.202301161003/tools/bin/../lib/gcc/arm-none-eabi/10.3.1/thumb/v7e-m/nofp/crti.o
LOAD e:/st/stm32cubeide_1.12.1/stm32cubeide/plugins/com.st.stm32cube.ide.mcu.externaltools.gnu-tools-for-stm32.10.3-2021.10.win32_1.0.200.202301161003/tools/bin/../lib/gcc/arm-none-eabi/10.3.1/thumb/v7e-m/nofp/crtbegin.o
LOAD e:/st/stm32cubeide_1.12.1/stm32cubeide/plugins/com.st.stm32cube.ide.mcu.externaltools.gnu-tools-for-stm32.10.3-2021.10.win32_1.0.200.202301161003/tools/bin/../lib/gcc/arm-none-eabi/10.3.1/../../../../arm-none-eabi/lib/thumb/v7e-m/nofp/crt0.o
LOAD ./Src/syscalls.o
LOAD ./Src/sysmem.o
LOAD ./Src/weight_master_spi.o
LOAD ./Startup/startup_stm32f401ccux.o
LOAD ./drivers/Src/stm32f401ccu6_gpio_drivers.o
LOAD ./drivers/Src/stm32f401ccu6_spi_drivers.o
LOAD ./drivers/Src/stm32f401ccu6_uart_drivers.o
START GROUP
LOAD e:/st/stm32cubeide_1.12.1/stm32cubeide/plugins/com.st.stm32cube.ide.mcu.externaltools.gnu-tools-for-stm32.10.3-2021.10.win32_1.0.200.202301161003/tools/bin/../lib/gcc/arm-none-eabi/10.3.1/../../../../arm-none-eabi/lib/thumb/v7e-m/nofp\libc_nano.a
LOAD e:/st/stm32cubeide_1.12.1/stm32cubeide/plugins/com.st.stm32cube.ide.mcu.externaltools.gnu-tools-for-stm32.10.3-2021.10.win32_1.0.200.202301161003/tools/bin/../lib/gcc/arm-none-eabi/10.3.1/../../../../arm-none-eabi/lib/thumb/v7e-m/nofp\libm.a
END GROUP
START GROUP
LOAD e:/st/stm32cubeide_1.12.1/stm32cubeide/plugins/com.st.stm32cube.ide.mcu.externaltools.gnu-tools-for-stm32.10.3-2021.10.win32_1.0.200.202301161003/tools/bin/../lib/gcc/arm-none-eabi/10.3.1/thumb/v7e-m/nofp\libgcc.a
LOAD e:/st/stm32cubeide_1.12.1/stm32cubeide/plugins/com.st.stm32cube.ide.mcu.externaltools.gnu-tools-for-stm32.10.3-2021.10.win32_1.0.200.202301161003/tools/bin/../lib/gcc/arm-none-eabi/10.3.1/../../../../arm-none-eabi/lib/thumb/v7e-m/nofp\libc_nano.a
END GROUP
START GROUP
LOAD e:/st/stm32cubeide_1.12.1/stm32cubeide/plugins/com.st.stm32cube.ide.mcu.externaltools.gnu-tools-for-stm32.10.3-2021.10.win32_1.0.200.202301161003/tools/bin/../lib/gcc/arm-none-eabi/10.3.1/thumb/v7e-m/nofp\libgcc.a
LOAD e:/st/stm32cubeide_1.12.1/stm32cubeide/plugins/com.st.stm32cube.ide.mcu.externaltools.gnu-tools-for-stm32.10.3-2021.10.win32_1.0.200.202301161003/tools/bin/../lib/gcc/arm-none-eabi/10.3.1/../../../../arm-none-eabi/lib/thumb/v7e-m/nofp\libc_nano.a
LOAD e:/st/stm32cubeide_1.12.1/stm32cubeide/plugins/com.st.stm32cube.ide.mcu.externaltools.gnu-tools-for-stm32.10.3-2021.10.win32_1.0.200.202301161003/tools/bin/../lib/gcc/arm-none-eabi/10.3.1/../../../../arm-none-eabi/lib/thumb/v7e-m/nofp\libnosys.a
END GROUP
START GROUP
LOAD e:/st/stm32cubeide_1.12.1/stm32cubeide/plugins/com.st.stm32cube.ide.mcu.externaltools.gnu-tools-for-stm32.10.3-2021.10.win32_1.0.200.202301161003/tools/bin/../lib/gcc/arm-none-eabi/10.3.1/thumb/v7e-m/nofp\libgcc.a
LOAD e:/st/stm32cubeide_1.12.1/stm32cubeide/plugins/com.st.stm32cube.ide.mcu.externaltools.gnu-tools-for-stm32.10.3-2021.10.win32_1.0.200.202301161003/tools/bin/../lib/gcc/arm-none-eabi/10.3.1/../../../../arm-none-eabi/lib/thumb/v7e-m/nofp\libc_nano.a
LOAD e:/st/stm32cubeide_1.12.1/stm32cubeide/plugins/com.st.stm32cube.ide.mcu.externaltools.gnu-tools-for-stm32.10.3-2021.10.win32_1.0.200.202301161003/tools/bin/../lib/gcc/arm-none-eabi/10.3.1/../../../../arm-none-eabi/lib/thumb/v7e-m/nofp\libnosys.a
END GROUP
LOAD e:/st/stm32cubeide_1.12.1/stm32cubeide/plugins/com.st.stm32cube.ide.mcu.externaltools.gnu-tools-for-stm32.10.3-2021.10.win32_1.0.200.202301161003/tools/bin/../lib/gcc/arm-none-eabi/10.3.1/thumb/v7e-m/nofp/crtend.o
LOAD e:/st/stm32cubeide_1.12.1/stm32cubeide/plugins/com.st.stm32cube.ide.mcu.externaltools.gnu-tools-for-stm32.10.3-2021.10.win32_1.0.200.202301161003/tools/bin/../lib/gcc/arm-none-eabi/10.3.1/thumb/v7e-m/nofp/crtn.o
                0x0000000020010000                _estack = (ORIGIN (RAM) + LENGTH (RAM))
                0x0000000000000200                _Min_Heap_Size = 0x200
                0x0000000000000400                _Min_Stack_Size = 0x400

.isr_vector     0x0000000008000000      0x194
                0x0000000008000000                . = ALIGN (0x4)
 *(.isr_vector)
 .isr_vector    0x0000000008000000      0x194 ./Startup/startup_stm32f401ccux.o
                0x0000000008000000                g_pfnVectors
                0x0000000008000194                . = ALIGN (0x4)

.text           0x0000000008000194      0xd0c
                0x0000000008000194                . = ALIGN (0x4)
 *(.text)
 .text          0x0000000008000194       0x40 e:/st/stm32cubeide_1.12.1/stm32cubeide/plugins/com.st.stm32cube.ide.mcu.externaltools.gnu-tools-for-stm32.10.3-2021.10.win32_1.0.200.202301161003/tools/bin/../lib/gcc/arm-none-eabi/10.3.1/thumb/v7e-m/nofp/crtbegin.o
 *(.text*)
 .text.main     0x00000000080001d4      0x250 ./Src/weight_master_spi.o
                0x00000000080001d4                main
 .text.ReqSlave
                0x0000000008000424       0xac ./Src/weight_master_spi.o
                0x0000000008000424                ReqSlave
 .text.RecvSlvData_closetx
                0x00000000080004d0       0x74 ./Src/weight_master_spi.o
                0x00000000080004d0                RecvSlvData_closetx
 .text.Reset_Handler
                0x0000000008000544       0x50 ./Startup/startup_stm32f401ccux.o
                0x0000000008000544                Reset_Handler
 .text.Default_Handler
                0x0000000008000594        0x2 ./Startup/startup_stm32f401ccux.o
                0x0000000008000594                EXTI2_IRQHandler
                0x0000000008000594                DebugMon_Handler
                0x0000000008000594                SPI4_IRQHandler
                0x0000000008000594                TIM1_CC_IRQHandler
                0x0000000008000594                DMA2_Stream5_IRQHandler
                0x0000000008000594                HardFault_Handler
                0x0000000008000594                DMA1_Stream5_IRQHandler
                0x0000000008000594                SysTick_Handler
                0x0000000008000594                SDIO_IRQHandler
                0x0000000008000594                TAMP_STAMP_IRQHandler
                0x0000000008000594                PendSV_Handler
                0x0000000008000594                NMI_Handler
                0x0000000008000594                EXTI3_IRQHandler
                0x0000000008000594                TIM1_UP_TIM10_IRQHandler
                0x0000000008000594                I2C3_ER_IRQHandler
                0x0000000008000594                EXTI18_OTG_FS_WKUP_IRQHandler
                0x0000000008000594                EXTI0_IRQHandler
                0x0000000008000594                I2C2_EV_IRQHandler
                0x0000000008000594                DMA1_Stream2_IRQHandler
                0x0000000008000594                UsageFault_Handler
                0x0000000008000594                DMA2_Stream2_IRQHandler
                0x0000000008000594                SPI1_IRQHandler
                0x0000000008000594                TIM1_BRK_TIM9_IRQHandler
                0x0000000008000594                DMA2_Stream3_IRQHandler
                0x0000000008000594                USART6_IRQHandler
                0x0000000008000594                DMA2_Stream0_IRQHandler
                0x0000000008000594                TIM4_IRQHandler
                0x0000000008000594                I2C1_EV_IRQHandler
                0x0000000008000594                DMA1_Stream6_IRQHandler
                0x0000000008000594                DMA1_Stream1_IRQHandler
                0x0000000008000594                TIM3_IRQHandler
                0x0000000008000594                RCC_IRQHandler
                0x0000000008000594                Default_Handler
                0x0000000008000594                EXTI15_10_IRQHandler
                0x0000000008000594                ADC_IRQHandler
                0x0000000008000594                DMA1_Stream7_IRQHandler
                0x0000000008000594                TIM5_IRQHandler
                0x0000000008000594                DMA2_Stream7_IRQHandler
                0x0000000008000594                I2C3_EV_IRQHandler
                0x0000000008000594                EXTI9_5_IRQHandler
                0x0000000008000594                SPI2_IRQHandler
                0x0000000008000594                MemManage_Handler
                0x0000000008000594                DMA1_Stream0_IRQHandler
                0x0000000008000594                SVC_Handler
                0x0000000008000594                EXTI4_IRQHandler
                0x0000000008000594                EXTI22_RTC_WKUP_IRQHandler
                0x0000000008000594                TIM2_IRQHandler
                0x0000000008000594                EXTI16_PVD_IRQHandler
                0x0000000008000594                TIM1_TRG_COM_TIM11_IRQHandler
                0x0000000008000594                EXTI1_IRQHandler
                0x0000000008000594                EXTI17_RTC_Alarm_IRQHandler
                0x0000000008000594                USART2_IRQHandler
                0x0000000008000594                I2C2_ER_IRQHandler
                0x0000000008000594                DMA2_Stream1_IRQHandler
                0x0000000008000594                FLASH_IRQHandler
                0x0000000008000594                DMA2_Stream4_IRQHandler
                0x0000000008000594                BusFault_Handler
                0x0000000008000594                USART1_IRQHandler
                0x0000000008000594                OTG_FS_IRQHandler
                0x0000000008000594                SPI3_IRQHandler
                0x0000000008000594                DMA1_Stream4_IRQHandler
                0x0000000008000594                I2C1_ER_IRQHandler
                0x0000000008000594                DMA2_Stream6_IRQHandler
                0x0000000008000594                DMA1_Stream3_IRQHandler
 *fill*         0x0000000008000596        0x2 
 .text.GPIO_Peri_ClkCtrl
                0x0000000008000598      0x168 ./drivers/Src/stm32f401ccu6_gpio_drivers.o
                0x0000000008000598                GPIO_Peri_ClkCtrl
 .text.GPIO_Init
                0x0000000008000700      0x390 ./drivers/Src/stm32f401ccu6_gpio_drivers.o
                0x0000000008000700                GPIO_Init
 .text.GPIO_ReadIPin
                0x0000000008000a90       0x2a ./drivers/Src/stm32f401ccu6_gpio_drivers.o
                0x0000000008000a90                GPIO_ReadIPin
 .text.GPIO_WriteOPin
                0x0000000008000aba       0x48 ./drivers/Src/stm32f401ccu6_gpio_drivers.o
                0x0000000008000aba                GPIO_WriteOPin
 *fill*         0x0000000008000b02        0x2 
 .text.delay    0x0000000008000b04       0x54 ./drivers/Src/stm32f401ccu6_gpio_drivers.o
                0x0000000008000b04                delay
 .text.SPI_Peri_ClkCtrl
                0x0000000008000b58       0x88 ./drivers/Src/stm32f401ccu6_spi_drivers.o
                0x0000000008000b58                SPI_Peri_ClkCtrl
 .text.SPI_Init
                0x0000000008000be0      0x11a ./drivers/Src/stm32f401ccu6_spi_drivers.o
                0x0000000008000be0                SPI_Init
 .text.SPI_PinInit
                0x0000000008000cfa       0x3e ./drivers/Src/stm32f401ccu6_spi_drivers.o
                0x0000000008000cfa                SPI_PinInit
 .text.SPI_DataSend
                0x0000000008000d38       0x6e ./drivers/Src/stm32f401ccu6_spi_drivers.o
                0x0000000008000d38                SPI_DataSend
 .text.SPI_DataReceive
                0x0000000008000da6       0x6e ./drivers/Src/stm32f401ccu6_spi_drivers.o
                0x0000000008000da6                SPI_DataReceive
 .text.SPI_GetFlagStatus
                0x0000000008000e14       0x2c ./drivers/Src/stm32f401ccu6_spi_drivers.o
                0x0000000008000e14                SPI_GetFlagStatus
 .text.__libc_init_array
                0x0000000008000e40       0x48 e:/st/stm32cubeide_1.12.1/stm32cubeide/plugins/com.st.stm32cube.ide.mcu.externaltools.gnu-tools-for-stm32.10.3-2021.10.win32_1.0.200.202301161003/tools/bin/../lib/gcc/arm-none-eabi/10.3.1/../../../../arm-none-eabi/lib/thumb/v7e-m/nofp\libc_nano.a(lib_a-init.o)
                0x0000000008000e40                __libc_init_array
 *(.glue_7)
 .glue_7        0x0000000008000e88        0x0 linker stubs
 *(.glue_7t)
 .glue_7t       0x0000000008000e88        0x0 linker stubs
 *(.eh_frame)
 .eh_frame      0x0000000008000e88        0x0 e:/st/stm32cubeide_1.12.1/stm32cubeide/plugins/com.st.stm32cube.ide.mcu.externaltools.gnu-tools-for-stm32.10.3-2021.10.win32_1.0.200.202301161003/tools/bin/../lib/gcc/arm-none-eabi/10.3.1/thumb/v7e-m/nofp/crtbegin.o
 *(.init)
 .init          0x0000000008000e88        0x4 e:/st/stm32cubeide_1.12.1/stm32cubeide/plugins/com.st.stm32cube.ide.mcu.externaltools.gnu-tools-for-stm32.10.3-2021.10.win32_1.0.200.202301161003/tools/bin/../lib/gcc/arm-none-eabi/10.3.1/thumb/v7e-m/nofp/crti.o
                0x0000000008000e88                _init
 .init          0x0000000008000e8c        0x8 e:/st/stm32cubeide_1.12.1/stm32cubeide/plugins/com.st.stm32cube.ide.mcu.externaltools.gnu-tools-for-stm32.10.3-2021.10.win32_1.0.200.202301161003/tools/bin/../lib/gcc/arm-none-eabi/10.3.1/thumb/v7e-m/nofp/crtn.o
 *(.fini)
 .fini          0x0000000008000e94        0x4 e:/st/stm32cubeide_1.12.1/stm32cubeide/plugins/com.st.stm32cube.ide.mcu.externaltools.gnu-tools-for-stm32.10.3-2021.10.win32_1.0.200.202301161003/tools/bin/../lib/gcc/arm-none-eabi/10.3.1/thumb/v7e-m/nofp/crti.o
                0x0000000008000e94                _fini
 .fini          0x0000000008000e98        0x8 e:/st/stm32cubeide_1.12.1/stm32cubeide/plugins/com.st.stm32cube.ide.mcu.externaltools.gnu-tools-for-stm32.10.3-2021.10.win32_1.0.200.202301161003/tools/bin/../lib/gcc/arm-none-eabi/10.3.1/thumb/v7e-m/nofp/crtn.o
                0x0000000008000ea0                . = ALIGN (0x4)
                0x0000000008000ea0                _etext = .

.vfp11_veneer   0x0000000008000ea0        0x0
 .vfp11_veneer  0x0000000008000ea0        0x0 linker stubs

.v4_bx          0x0000000008000ea0        0x0
 .v4_bx         0x0000000008000ea0        0x0 linker stubs

.iplt           0x0000000008000ea0        0x0
 .iplt          0x0000000008000ea0        0x0 e:/st/stm32cubeide_1.12.1/stm32cubeide/plugins/com.st.stm32cube.ide.mcu.externaltools.gnu-tools-for-stm32.10.3-2021.10.win32_1.0.200.202301161003/tools/bin/../lib/gcc/arm-none-eabi/10.3.1/thumb/v7e-m/nofp/crtbegin.o

.rel.dyn        0x0000000008000ea0        0x0
 .rel.iplt      0x0000000008000ea0        0x0 e:/st/stm32cubeide_1.12.1/stm32cubeide/plugins/com.st.stm32cube.ide.mcu.externaltools.gnu-tools-for-stm32.10.3-2021.10.win32_1.0.200.202301161003/tools/bin/../lib/gcc/arm-none-eabi/10.3.1/thumb/v7e-m/nofp/crtbegin.o

.rodata         0x0000000008000ea0        0x0
                0x0000000008000ea0                . = ALIGN (0x4)
 *(.rodata)
 *(.rodata*)
                0x0000000008000ea0                . = ALIGN (0x4)

.ARM.extab      0x0000000008000ea0        0x0
                0x0000000008000ea0                . = ALIGN (0x4)
 *(.ARM.extab* .gnu.linkonce.armextab.*)
                0x0000000008000ea0                . = ALIGN (0x4)

.ARM            0x0000000008000ea0        0x0
                0x0000000008000ea0                . = ALIGN (0x4)
                0x0000000008000ea0                __exidx_start = .
 *(.ARM.exidx*)
                0x0000000008000ea0                __exidx_end = .
                0x0000000008000ea0                . = ALIGN (0x4)

.preinit_array  0x0000000008000ea0        0x0
                0x0000000008000ea0                . = ALIGN (0x4)
                0x0000000008000ea0                PROVIDE (__preinit_array_start = .)
 *(.preinit_array*)
                0x0000000008000ea0                PROVIDE (__preinit_array_end = .)
                0x0000000008000ea0                . = ALIGN (0x4)

.init_array     0x0000000008000ea0        0x4
                0x0000000008000ea0                . = ALIGN (0x4)
                0x0000000008000ea0                PROVIDE (__init_array_start = .)
 *(SORT_BY_NAME(.init_array.*))
 *(.init_array*)
 .init_array    0x0000000008000ea0        0x4 e:/st/stm32cubeide_1.12.1/stm32cubeide/plugins/com.st.stm32cube.ide.mcu.externaltools.gnu-tools-for-stm32.10.3-2021.10.win32_1.0.200.202301161003/tools/bin/../lib/gcc/arm-none-eabi/10.3.1/thumb/v7e-m/nofp/crtbegin.o
                0x0000000008000ea4                PROVIDE (__init_array_end = .)
                0x0000000008000ea4                . = ALIGN (0x4)

.fini_array     0x0000000008000ea4        0x4
                0x0000000008000ea4                . = ALIGN (0x4)
                [!provide]                        PROVIDE (__fini_array_start = .)
 *(SORT_BY_NAME(.fini_array.*))
 *(.fini_array*)
 .fini_array    0x0000000008000ea4        0x4 e:/st/stm32cubeide_1.12.1/stm32cubeide/plugins/com.st.stm32cube.ide.mcu.externaltools.gnu-tools-for-stm32.10.3-2021.10.win32_1.0.200.202301161003/tools/bin/../lib/gcc/arm-none-eabi/10.3.1/thumb/v7e-m/nofp/crtbegin.o
                [!provide]                        PROVIDE (__fini_array_end = .)
                0x0000000008000ea8                . = ALIGN (0x4)
                0x0000000008000ea8                _sidata = LOADADDR (.data)

.data           0x0000000020000000        0x4 load address 0x0000000008000ea8
                0x0000000020000000                . = ALIGN (0x4)
                0x0000000020000000                _sdata = .
 *(.data)
 *(.data*)
 .data.initate_Trig
                0x0000000020000000        0x1 ./Src/weight_master_spi.o
                0x0000000020000000                initate_Trig
 .data.Data_Trig
                0x0000000020000001        0x1 ./Src/weight_master_spi.o
                0x0000000020000001                Data_Trig
 *(.RamFunc)
 *(.RamFunc*)
                0x0000000020000004                . = ALIGN (0x4)
 *fill*         0x0000000020000002        0x2 
                0x0000000020000004                _edata = .

.igot.plt       0x0000000020000004        0x0 load address 0x0000000008000eac
 .igot.plt      0x0000000020000004        0x0 e:/st/stm32cubeide_1.12.1/stm32cubeide/plugins/com.st.stm32cube.ide.mcu.externaltools.gnu-tools-for-stm32.10.3-2021.10.win32_1.0.200.202301161003/tools/bin/../lib/gcc/arm-none-eabi/10.3.1/thumb/v7e-m/nofp/crtbegin.o
                0x0000000020000004                . = ALIGN (0x4)

.bss            0x0000000020000004       0x2c load address 0x0000000008000eac
                0x0000000020000004                _sbss = .
                0x0000000020000004                __bss_start__ = _sbss
 *(.bss)
 .bss           0x0000000020000004       0x1c e:/st/stm32cubeide_1.12.1/stm32cubeide/plugins/com.st.stm32cube.ide.mcu.externaltools.gnu-tools-for-stm32.10.3-2021.10.win32_1.0.200.202301161003/tools/bin/../lib/gcc/arm-none-eabi/10.3.1/thumb/v7e-m/nofp/crtbegin.o
 *(.bss*)
 .bss.SlaveAck  0x0000000020000020        0x1 ./Src/weight_master_spi.o
                0x0000000020000020                SlaveAck
 *fill*         0x0000000020000021        0x3 
 .bss.Slav_weight
                0x0000000020000024        0x8 ./Src/weight_master_spi.o
                0x0000000020000024                Slav_weight
 .bss.Average_Weight
                0x000000002000002c        0x2 ./Src/weight_master_spi.o
                0x000000002000002c                Average_Weight
 *(COMMON)
                0x0000000020000030                . = ALIGN (0x4)
 *fill*         0x000000002000002e        0x2 
                0x0000000020000030                _ebss = .
                0x0000000020000030                __bss_end__ = _ebss

._user_heap_stack
                0x0000000020000030      0x600 load address 0x0000000008000eac
                0x0000000020000030                . = ALIGN (0x8)
                [!provide]                        PROVIDE (end = .)
                0x0000000020000030                PROVIDE (_end = .)
                0x0000000020000230                . = (. + _Min_Heap_Size)
 *fill*         0x0000000020000030      0x200 
                0x0000000020000630                . = (. + _Min_Stack_Size)
 *fill*         0x0000000020000230      0x400 
                0x0000000020000630                . = ALIGN (0x8)

/DISCARD/
 libc.a(*)
 libm.a(*)
 libgcc.a(*)

.ARM.attributes
                0x0000000000000000       0x2a
 *(.ARM.attributes)
 .ARM.attributes
                0x0000000000000000       0x1e e:/st/stm32cubeide_1.12.1/stm32cubeide/plugins/com.st.stm32cube.ide.mcu.externaltools.gnu-tools-for-stm32.10.3-2021.10.win32_1.0.200.202301161003/tools/bin/../lib/gcc/arm-none-eabi/10.3.1/thumb/v7e-m/nofp/crti.o
 .ARM.attributes
                0x000000000000001e       0x2e e:/st/stm32cubeide_1.12.1/stm32cubeide/plugins/com.st.stm32cube.ide.mcu.externaltools.gnu-tools-for-stm32.10.3-2021.10.win32_1.0.200.202301161003/tools/bin/../lib/gcc/arm-none-eabi/10.3.1/thumb/v7e-m/nofp/crtbegin.o
 .ARM.attributes
                0x000000000000004c       0x2e ./Src/weight_master_spi.o
 .ARM.attributes
                0x000000000000007a       0x21 ./Startup/startup_stm32f401ccux.o
 .ARM.attributes
                0x000000000000009b       0x2e ./drivers/Src/stm32f401ccu6_gpio_drivers.o
 .ARM.attributes
                0x00000000000000c9       0x2e ./drivers/Src/stm32f401ccu6_spi_drivers.o
 .ARM.attributes
                0x00000000000000f7       0x2e e:/st/stm32cubeide_1.12.1/stm32cubeide/plugins/com.st.stm32cube.ide.mcu.externaltools.gnu-tools-for-stm32.10.3-2021.10.win32_1.0.200.202301161003/tools/bin/../lib/gcc/arm-none-eabi/10.3.1/../../../../arm-none-eabi/lib/thumb/v7e-m/nofp\libc_nano.a(lib_a-init.o)
 .ARM.attributes
                0x0000000000000125       0x1e e:/st/stm32cubeide_1.12.1/stm32cubeide/plugins/com.st.stm32cube.ide.mcu.externaltools.gnu-tools-for-stm32.10.3-2021.10.win32_1.0.200.202301161003/tools/bin/../lib/gcc/arm-none-eabi/10.3.1/thumb/v7e-m/nofp/crtn.o
OUTPUT(stm32f401ccu6_drivers.elf elf32-littlearm)
LOAD linker stubs
LOAD e:/st/stm32cubeide_1.12.1/stm32cubeide/plugins/com.st.stm32cube.ide.mcu.externaltools.gnu-tools-for-stm32.10.3-2021.10.win32_1.0.200.202301161003/tools/bin/../lib/gcc/arm-none-eabi/10.3.1/../../../../arm-none-eabi/lib/thumb/v7e-m/nofp\libc.a
LOAD e:/st/stm32cubeide_1.12.1/stm32cubeide/plugins/com.st.stm32cube.ide.mcu.externaltools.gnu-tools-for-stm32.10.3-2021.10.win32_1.0.200.202301161003/tools/bin/../lib/gcc/arm-none-eabi/10.3.1/../../../../arm-none-eabi/lib/thumb/v7e-m/nofp\libm.a
LOAD e:/st/stm32cubeide_1.12.1/stm32cubeide/plugins/com.st.stm32cube.ide.mcu.externaltools.gnu-tools-for-stm32.10.3-2021.10.win32_1.0.200.202301161003/tools/bin/../lib/gcc/arm-none-eabi/10.3.1/thumb/v7e-m/nofp\libgcc.a

.debug_info     0x0000000000000000     0x1595
 .debug_info    0x0000000000000000      0x678 ./Src/weight_master_spi.o
 .debug_info    0x0000000000000678       0x22 ./Startup/startup_stm32f401ccux.o
 .debug_info    0x000000000000069a      0x7f0 ./drivers/Src/stm32f401ccu6_gpio_drivers.o
 .debug_info    0x0000000000000e8a      0x70b ./drivers/Src/stm32f401ccu6_spi_drivers.o

.debug_abbrev   0x0000000000000000      0x4c0
 .debug_abbrev  0x0000000000000000      0x1a7 ./Src/weight_master_spi.o
 .debug_abbrev  0x00000000000001a7       0x12 ./Startup/startup_stm32f401ccux.o
 .debug_abbrev  0x00000000000001b9      0x18b ./drivers/Src/stm32f401ccu6_gpio_drivers.o
 .debug_abbrev  0x0000000000000344      0x17c ./drivers/Src/stm32f401ccu6_spi_drivers.o

.debug_aranges  0x0000000000000000      0x128
 .debug_aranges
                0x0000000000000000       0x30 ./Src/weight_master_spi.o
 .debug_aranges
                0x0000000000000030       0x28 ./Startup/startup_stm32f401ccux.o
 .debug_aranges
                0x0000000000000058       0x80 ./drivers/Src/stm32f401ccu6_gpio_drivers.o
 .debug_aranges
                0x00000000000000d8       0x50 ./drivers/Src/stm32f401ccu6_spi_drivers.o

.debug_ranges   0x0000000000000000       0xf0
 .debug_ranges  0x0000000000000000       0x20 ./Src/weight_master_spi.o
 .debug_ranges  0x0000000000000020       0x20 ./Startup/startup_stm32f401ccux.o
 .debug_ranges  0x0000000000000040       0x70 ./drivers/Src/stm32f401ccu6_gpio_drivers.o
 .debug_ranges  0x00000000000000b0       0x40 ./drivers/Src/stm32f401ccu6_spi_drivers.o

.debug_macro    0x0000000000000000      0xc77
 .debug_macro   0x0000000000000000      0x254 ./Src/weight_master_spi.o
 .debug_macro   0x0000000000000254       0x16 ./Src/weight_master_spi.o
 .debug_macro   0x000000000000026a       0x97 ./Src/weight_master_spi.o
 .debug_macro   0x0000000000000301       0xfd ./Src/weight_master_spi.o
 .debug_macro   0x00000000000003fe      0x522 ./Src/weight_master_spi.o
 .debug_macro   0x0000000000000920      0x148 ./Src/weight_master_spi.o
 .debug_macro   0x0000000000000a68       0x94 ./drivers/Src/stm32f401ccu6_gpio_drivers.o
 .debug_macro   0x0000000000000afc       0x8e ./drivers/Src/stm32f401ccu6_gpio_drivers.o
 .debug_macro   0x0000000000000b8a       0x51 ./drivers/Src/stm32f401ccu6_gpio_drivers.o
 .debug_macro   0x0000000000000bdb       0x9c ./drivers/Src/stm32f401ccu6_spi_drivers.o

.debug_line     0x0000000000000000     0x1813
 .debug_line    0x0000000000000000      0x746 ./Src/weight_master_spi.o
 .debug_line    0x0000000000000746       0x84 ./Startup/startup_stm32f401ccux.o
 .debug_line    0x00000000000007ca      0x9a6 ./drivers/Src/stm32f401ccu6_gpio_drivers.o
 .debug_line    0x0000000000001170      0x6a3 ./drivers/Src/stm32f401ccu6_spi_drivers.o

.debug_str      0x0000000000000000     0x9fd1
 .debug_str     0x0000000000000000     0x9bde ./Src/weight_master_spi.o
                                       0x9deb (size before relaxing)
 .debug_str     0x0000000000009bde       0x31 ./Startup/startup_stm32f401ccux.o
                                         0x5e (size before relaxing)
 .debug_str     0x0000000000009c0f      0x311 ./drivers/Src/stm32f401ccu6_gpio_drivers.o
                                       0x5d35 (size before relaxing)
 .debug_str     0x0000000000009f20       0xb1 ./drivers/Src/stm32f401ccu6_spi_drivers.o
                                       0x5d0f (size before relaxing)

.comment        0x0000000000000000       0x50
 .comment       0x0000000000000000       0x50 ./Src/weight_master_spi.o
                                         0x51 (size before relaxing)
 .comment       0x0000000000000050       0x51 ./drivers/Src/stm32f401ccu6_gpio_drivers.o
 .comment       0x0000000000000050       0x51 ./drivers/Src/stm32f401ccu6_spi_drivers.o

.debug_frame    0x0000000000000000      0x3d8
 .debug_frame   0x0000000000000000       0x78 ./Src/weight_master_spi.o
 .debug_frame   0x0000000000000078      0x218 ./drivers/Src/stm32f401ccu6_gpio_drivers.o
 .debug_frame   0x0000000000000290      0x11c ./drivers/Src/stm32f401ccu6_spi_drivers.o
 .debug_frame   0x00000000000003ac       0x2c e:/st/stm32cubeide_1.12.1/stm32cubeide/plugins/com.st.stm32cube.ide.mcu.externaltools.gnu-tools-for-stm32.10.3-2021.10.win32_1.0.200.202301161003/tools/bin/../lib/gcc/arm-none-eabi/10.3.1/../../../../arm-none-eabi/lib/thumb/v7e-m/nofp\libc_nano.a(lib_a-init.o)
